# ztracing diff diff_base.json diff_target.json
Event Name                     | Baseline Dur (s) | Target Dur (s) |  Delta Dur (s) | Delta Count
-------------------------------------------------------------------------------------------------
task_A                         |             0.00 |           0.00 |          +0.00 |          +0
task_C                         |             0.00 |           0.00 |          +0.00 |          +1
task_B                         |             0.00 |           0.00 |          -0.00 |          +0
