Usage: src/ztracing <subcommand> <trace_file> [options]

Global Options:
  --pretty                     Enable pretty-printed JSON output

Subcommands:
  summary <trace_file>         Print high-level trace metadata (counts, duration).
  tracks <trace_file>          List all organized tracks (names, events, depths).
  inspect <trace_file>         Inspect detailed event parameters at a timestamp.
                               Options: --track <name> --ts <ts_us>
  query <trace_file>           Search and extract matching events.
                               Options: [--track <name>] [--match <substr>]
                                        [--t-start <us>] [--t-end <us>]
                                        [--max-depth <n>] [--limit <n>]
  heatmap <trace_file>         Calculate the 2D Activity Heatmap Grid.
  histogram <trace_file>       Compute duration histogram buckets.
                               Options: [--track <name>] [--match <substr>]
                                        [--t-start <us>] [--t-end <us>]
