# ztracing histogram histogram_standard.json
Scale: linear, Total Events: 2

Bucket | Range (us) | Count | Distribution               
---------------------------------------------------------
[00]   | 500 - 524  |     1 | [██████████░░░░░░░░░░]  50%
[01]   | 525 - 549  |     0 | [░░░░░░░░░░░░░░░░░░░░]   0%
[02]   | 550 - 574  |     0 | [░░░░░░░░░░░░░░░░░░░░]   0%
[03]   | 575 - 599  |     0 | [░░░░░░░░░░░░░░░░░░░░]   0%
[04]   | 600 - 624  |     0 | [░░░░░░░░░░░░░░░░░░░░]   0%
[05]   | 625 - 649  |     0 | [░░░░░░░░░░░░░░░░░░░░]   0%
[06]   | 650 - 674  |     0 | [░░░░░░░░░░░░░░░░░░░░]   0%
[07]   | 675 - 699  |     0 | [░░░░░░░░░░░░░░░░░░░░]   0%
[08]   | 700 - 724  |     0 | [░░░░░░░░░░░░░░░░░░░░]   0%
[09]   | 725 - 749  |     0 | [░░░░░░░░░░░░░░░░░░░░]   0%
[10]   | 750 - 774  |     0 | [░░░░░░░░░░░░░░░░░░░░]   0%
[11]   | 775 - 799  |     0 | [░░░░░░░░░░░░░░░░░░░░]   0%
[12]   | 800 - 824  |     0 | [░░░░░░░░░░░░░░░░░░░░]   0%
[13]   | 825 - 849  |     0 | [░░░░░░░░░░░░░░░░░░░░]   0%
[14]   | 850 - 874  |     0 | [░░░░░░░░░░░░░░░░░░░░]   0%
[15]   | 875 - 899  |     0 | [░░░░░░░░░░░░░░░░░░░░]   0%
[16]   | 900 - 924  |     0 | [░░░░░░░░░░░░░░░░░░░░]   0%
[17]   | 925 - 949  |     0 | [░░░░░░░░░░░░░░░░░░░░]   0%
[18]   | 950 - 974  |     0 | [░░░░░░░░░░░░░░░░░░░░]   0%
[19]   | 975 - 1000 |     1 | [██████████░░░░░░░░░░]  50%
