# ztracing histogram histogram_filtered.json --t-start 1200 --t-end 2500
Scale: linear, Total Events: 2

Bucket | Range (us)  | Count | Distribution               
----------------------------------------------------------
[00]   | 300 - 684   |     1 | [██████████░░░░░░░░░░]  50%
[01]   | 685 - 1069  |     0 | [░░░░░░░░░░░░░░░░░░░░]   0%
[02]   | 1070 - 1454 |     0 | [░░░░░░░░░░░░░░░░░░░░]   0%
[03]   | 1455 - 1839 |     0 | [░░░░░░░░░░░░░░░░░░░░]   0%
[04]   | 1840 - 2224 |     0 | [░░░░░░░░░░░░░░░░░░░░]   0%
[05]   | 2225 - 2609 |     0 | [░░░░░░░░░░░░░░░░░░░░]   0%
[06]   | 2610 - 2994 |     0 | [░░░░░░░░░░░░░░░░░░░░]   0%
[07]   | 2995 - 3379 |     0 | [░░░░░░░░░░░░░░░░░░░░]   0%
[08]   | 3380 - 3764 |     0 | [░░░░░░░░░░░░░░░░░░░░]   0%
[09]   | 3765 - 4149 |     0 | [░░░░░░░░░░░░░░░░░░░░]   0%
[10]   | 4150 - 4534 |     0 | [░░░░░░░░░░░░░░░░░░░░]   0%
[11]   | 4535 - 4919 |     0 | [░░░░░░░░░░░░░░░░░░░░]   0%
[12]   | 4920 - 5304 |     0 | [░░░░░░░░░░░░░░░░░░░░]   0%
[13]   | 5305 - 5689 |     0 | [░░░░░░░░░░░░░░░░░░░░]   0%
[14]   | 5690 - 6074 |     0 | [░░░░░░░░░░░░░░░░░░░░]   0%
[15]   | 6075 - 6459 |     0 | [░░░░░░░░░░░░░░░░░░░░]   0%
[16]   | 6460 - 6844 |     0 | [░░░░░░░░░░░░░░░░░░░░]   0%
[17]   | 6845 - 7229 |     0 | [░░░░░░░░░░░░░░░░░░░░]   0%
[18]   | 7230 - 7614 |     0 | [░░░░░░░░░░░░░░░░░░░░]   0%
[19]   | 7615 - 8000 |     1 | [██████████░░░░░░░░░░]  50%
