# ztracing histogram histogram_filtered.json --match render
Scale: linear, Total Events: 2

Bucket | Range (us) | Count | Distribution               
---------------------------------------------------------
[00]   | 500 - 504  |     1 | [██████████░░░░░░░░░░]  50%
[01]   | 505 - 509  |     0 | [░░░░░░░░░░░░░░░░░░░░]   0%
[02]   | 510 - 514  |     0 | [░░░░░░░░░░░░░░░░░░░░]   0%
[03]   | 515 - 519  |     0 | [░░░░░░░░░░░░░░░░░░░░]   0%
[04]   | 520 - 524  |     0 | [░░░░░░░░░░░░░░░░░░░░]   0%
[05]   | 525 - 529  |     0 | [░░░░░░░░░░░░░░░░░░░░]   0%
[06]   | 530 - 534  |     0 | [░░░░░░░░░░░░░░░░░░░░]   0%
[07]   | 535 - 539  |     0 | [░░░░░░░░░░░░░░░░░░░░]   0%
[08]   | 540 - 544  |     0 | [░░░░░░░░░░░░░░░░░░░░]   0%
[09]   | 545 - 549  |     0 | [░░░░░░░░░░░░░░░░░░░░]   0%
[10]   | 550 - 554  |     0 | [░░░░░░░░░░░░░░░░░░░░]   0%
[11]   | 555 - 559  |     0 | [░░░░░░░░░░░░░░░░░░░░]   0%
[12]   | 560 - 564  |     0 | [░░░░░░░░░░░░░░░░░░░░]   0%
[13]   | 565 - 569  |     0 | [░░░░░░░░░░░░░░░░░░░░]   0%
[14]   | 570 - 574  |     0 | [░░░░░░░░░░░░░░░░░░░░]   0%
[15]   | 575 - 579  |     0 | [░░░░░░░░░░░░░░░░░░░░]   0%
[16]   | 580 - 584  |     0 | [░░░░░░░░░░░░░░░░░░░░]   0%
[17]   | 585 - 589  |     0 | [░░░░░░░░░░░░░░░░░░░░]   0%
[18]   | 590 - 594  |     0 | [░░░░░░░░░░░░░░░░░░░░]   0%
[19]   | 595 - 600  |     1 | [██████████░░░░░░░░░░]  50%
