# ztracing inspect inspect_nested.json --track "" --ts 1100
Property             | Value                         
-----------------------------------------------------
Name                 | child_task_A                  
Track                |                               
Timestamp (us)       | 1100                          
Duration (us)        | 300                           
Self Time (us)       | 300                           
Depth                | 1                             
Parent Name          | parent_task                   
Parent TS (us)       | 1000                          
