# ztracing query query_filtered.json --track "worker_thread"
Event Name                     | Track                |   Start Time (us) |   Duration (us) | Depth
---------------------------------------------------------------------------------------------------
network_request                | worker_thread        |              1500 |             800 |     0
