# ztracing query query_filtered.json --match task --max-depth 0
Event Name                     | Track                |   Start Time (us) |   Duration (us) | Depth
---------------------------------------------------------------------------------------------------
parent_task                    | main_thread          |              1000 |            1000 |     0
