# ztracing query query_filtered.json --t-start 1200 --limit 1
Event Name                     | Track                |   Start Time (us) |   Duration (us) | Depth
---------------------------------------------------------------------------------------------------
parent_task                    | main_thread          |              1000 |            1000 |     0
